"* Opening session at Saturday, 11 July 2026, 19:41:42"

"* Closing session at Saturday, 11 July 2026, 19:41:53"

"* Opening session at Saturday, 11 July 2026, 19:42:00"

"* Closing session at Saturday, 11 July 2026, 19:46:02"

"*  Saturday, 11 July 2026, 19:46:09"
Writing snapshot to Snapshot

"*  Saturday, 11 July 2026, 19:48:00"
Writing snapshot to Snapshot

"*  Saturday, 11 July 2026, 19:48:08"
Writing snapshot to Snapshot

"*  Saturday, 11 July 2026, 19:48:10"
Writing snapshot to Snapshot

"*  Saturday, 11 July 2026, 19:48:47"
Writing snapshot to Snapshot

"*  Saturday, 11 July 2026, 19:49:36"
Writing snapshot to Snapshot

"* Closing session at Saturday, 11 July 2026, 19:49:36"

"* Opening session at Saturday, 11 July 2026, 19:51:16"

"*  Saturday, 11 July 2026, 19:51:35"
Writing snapshot to Snapshot

"*  Saturday, 11 July 2026, 19:56:16"
Writing snapshot to Snapshot

"*  Saturday, 11 July 2026, 20:10:47"
Writing snapshot to Snapshot

"*  Saturday, 11 July 2026, 20:14:57"
Writing snapshot to Snapshot

"*  Saturday, 11 July 2026, 20:19:32"
Writing snapshot to Snapshot

"*  Saturday, 11 July 2026, 20:22:25"
Writing snapshot to Snapshot

"*  Saturday, 11 July 2026, 20:22:40"
Writing snapshot to Snapshot

"* Closing session at Saturday, 11 July 2026, 20:28:35"

"*  Saturday, 11 July 2026, 20:31:55"
Writing snapshot to Snapshot

"*  Saturday, 11 July 2026, 20:38:53"
Writing snapshot to Snapshot

"*  Saturday, 11 July 2026, 20:39:09"
Writing snapshot to Snapshot

"*  Saturday, 11 July 2026, 20:40:59"
Writing snapshot to Snapshot

"*  Saturday, 11 July 2026, 20:41:23"
Writing snapshot to Snapshot

"*  Saturday, 11 July 2026, 20:43:46"
Writing snapshot to Snapshot

"*  Saturday, 11 July 2026, 20:43:57"
Writing snapshot to Snapshot

"*  Saturday, 11 July 2026, 20:45:21"
Writing snapshot to Snapshot

"*  Saturday, 11 July 2026, 20:46:00"
Writing snapshot to Snapshot

"* Opening session at Sunday, 12 July 2026, 10:37:35"

"*  Sunday, 12 July 2026, 10:38:36"
Writing snapshot to Diagram

"*  Sunday, 12 July 2026, 10:44:56"
Writing snapshot to Diagram

"* Closing session at Sunday, 12 July 2026, 10:45:25"

"* Opening session at Sunday, 12 July 2026, 10:45:33"

"*  Sunday, 12 July 2026, 10:45:41"
Writing snapshot to Diagram

"*  Sunday, 12 July 2026, 10:46:06"
Writing snapshot to Diagram

"*  Sunday, 12 July 2026, 10:47:29"
Writing snapshot to Diagram

"*  Sunday, 12 July 2026, 10:48:32"
Writing snapshot to Diagram

"*  Sunday, 12 July 2026, 10:49:53"
Writing snapshot to Diagram

"*  Sunday, 12 July 2026, 10:50:52"
Writing snapshot to Diagram

"* Closing session at Sunday, 12 July 2026, 10:55:45"

"* Opening session at Sunday, 12 July 2026, 10:56:28"

"* Opening session at Sunday, 12 July 2026, 11:06:59"

"*  Sunday, 12 July 2026, 11:07:10"
Writing snapshot to Diagram

"*  Sunday, 12 July 2026, 11:08:07"
Writing snapshot to Diagram

"*  Sunday, 12 July 2026, 11:14:42"
Writing snapshot to Diagram

"*  Sunday, 12 July 2026, 11:16:53"
Writing snapshot to Diagram

"* Closing session at Sunday, 12 July 2026, 11:16:56"

"* Opening session at Sunday, 12 July 2026, 11:17:36"

"* Closing session at Sunday, 12 July 2026, 11:17:40"

"* Opening session at Sunday, 12 July 2026, 11:29:14"

"* Closing session at Sunday, 12 July 2026, 11:29:43"

"* Opening session at Sunday, 12 July 2026, 11:30:30"

"*  Sunday, 12 July 2026, 11:30:34"
Writing snapshot to Diagram

"* Closing session at Sunday, 12 July 2026, 11:30:36"

"* Opening session at Sunday, 12 July 2026, 11:47:41"

"*  Sunday, 12 July 2026, 11:47:58"
Writing snapshot to Diagram

"* Closing session at Sunday, 12 July 2026, 11:55:33"

"* Opening session at Sunday, 12 July 2026, 12:10:03"

"*  Sunday, 12 July 2026, 12:15:11"
Writing snapshot to Diagram

"*  Sunday, 12 July 2026, 12:15:26"
Writing snapshot to Diagram

"*  Sunday, 12 July 2026, 12:17:07"
Writing snapshot to Diagram

"*  Sunday, 12 July 2026, 12:17:33"
Writing snapshot to Broke

"* Opening session at Sunday, 12 July 2026, 12:33:05"

"* Closing session at Sunday, 12 July 2026, 12:33:14"

"* Opening session at Sunday, 12 July 2026, 12:42:24"

"*  Sunday, 12 July 2026, 12:42:45"
Writing snapshot to Broke

"*  Sunday, 12 July 2026, 12:43:13"
Writing snapshot to Broke

"*  Sunday, 12 July 2026, 12:49:47"
Writing snapshot to Broke

"*  Sunday, 12 July 2026, 12:52:15"
Writing snapshot to Broke

"*  Sunday, 12 July 2026, 12:55:56"
Writing snapshot to Broke

"*  Sunday, 12 July 2026, 13:00:17"
Writing snapshot to Broke

"*  Sunday, 12 July 2026, 13:01:20"
Writing snapshot to Broke

"*  Sunday, 12 July 2026, 13:01:47"
Writing snapshot to Broke

"*  Sunday, 12 July 2026, 13:06:17"
Writing snapshot to Broke

"*  Sunday, 12 July 2026, 13:08:54"
Writing snapshot to Broke

"*  Sunday, 12 July 2026, 13:09:39"
Writing snapshot to Broke

"*  Sunday, 12 July 2026, 13:11:25"
Writing snapshot to Broke

"*  Sunday, 12 July 2026, 13:11:45"
Writing snapshot to Broke

"*  Sunday, 12 July 2026, 13:13:56"
Writing snapshot to Broke

"*  Sunday, 12 July 2026, 13:15:58"
Writing snapshot to Broke

"*  Sunday, 12 July 2026, 13:17:06"
Writing snapshot to Broke

"*  Sunday, 12 July 2026, 13:18:09"
Writing snapshot to Broke

"*  Sunday, 12 July 2026, 13:18:30"
Writing snapshot to Broke

"*  Sunday, 12 July 2026, 13:19:25"
Writing snapshot to Broke

"*  Sunday, 12 July 2026, 13:19:36"
Writing snapshot to Broke

"*  Sunday, 12 July 2026, 13:20:52"
Writing snapshot to Broke

"*  Sunday, 12 July 2026, 13:21:28"
Writing snapshot to Broke

"*  Sunday, 12 July 2026, 13:24:47"
Writing snapshot to Broke

"*  Sunday, 12 July 2026, 13:25:56"
Writing snapshot to Broke

"*  Sunday, 12 July 2026, 13:30:17"
Writing snapshot to Broke

"*  Sunday, 12 July 2026, 13:31:00"
Writing snapshot to Broke

"*  Sunday, 12 July 2026, 13:31:50"
Writing snapshot to Broke

"*  Sunday, 12 July 2026, 13:32:05"
Writing snapshot to Broke

"*  Sunday, 12 July 2026, 13:33:07"
Writing snapshot to Broke

"*  Sunday, 12 July 2026, 13:34:34"
Writing snapshot to Broke

"*  Sunday, 12 July 2026, 13:37:00"
Writing snapshot to Broke

"*  Sunday, 12 July 2026, 13:41:05"
Writing snapshot to Broke

"*  Sunday, 12 July 2026, 13:41:31"
Writing snapshot to Broke

"*  Sunday, 12 July 2026, 13:44:19"
Writing snapshot to Broke

"*  Sunday, 12 July 2026, 13:47:02"
Writing snapshot to Broke

"*  Sunday, 12 July 2026, 13:48:25"
Writing snapshot to Broke

"*  Sunday, 12 July 2026, 13:48:48"
Writing snapshot to Broke

"*  Sunday, 12 July 2026, 13:50:33"
Writing snapshot to Broke

"*  Sunday, 12 July 2026, 13:53:36"
Writing snapshot to Broke

"*  Sunday, 12 July 2026, 13:55:00"
Writing snapshot to Broke

"*  Sunday, 12 July 2026, 13:55:28"
Writing snapshot to Broke

"*  Sunday, 12 July 2026, 14:06:10"
Writing snapshot to Broke

"*  Sunday, 12 July 2026, 14:07:45"
Writing snapshot to Broke

"*  Sunday, 12 July 2026, 14:07:55"
Writing snapshot to Broke

"*  Sunday, 12 July 2026, 15:25:14"
Writing snapshot to Broke

"*  Sunday, 12 July 2026, 15:27:13"
Writing snapshot to Broke

"*  Sunday, 12 July 2026, 15:28:35"
Writing snapshot to Broke

"*  Sunday, 12 July 2026, 15:45:27"
Writing snapshot to Broke

"*  Sunday, 12 July 2026, 15:58:22"
Writing snapshot to Broke

"* Closing session at Sunday, 12 July 2026, 16:02:15"

"*  Sunday, 12 July 2026, 16:00:58"
Writing snapshot to Snapshot

"*  Sunday, 12 July 2026, 16:06:09"
Writing snapshot to Snapshot

"*  Sunday, 12 July 2026, 16:08:33"
Writing snapshot to Snapshot

"*  Sunday, 12 July 2026, 16:09:51"
Writing snapshot to Snapshot

"*  Sunday, 12 July 2026, 16:18:09"
Writing snapshot to Snapshot

"*  Sunday, 12 July 2026, 16:18:28"
Writing snapshot to Snapshot

"*  Sunday, 12 July 2026, 16:21:17"
Writing snapshot to Snapshot

"*  Sunday, 12 July 2026, 16:21:52"
Writing snapshot to Snapshot

"*  Sunday, 12 July 2026, 16:22:34"
Writing snapshot to Snapshot

"*  Sunday, 12 July 2026, 16:23:12"
Writing snapshot to Snapshot

"*  Sunday, 12 July 2026, 16:23:54"
Writing snapshot to Snapshot

"*  Sunday, 12 July 2026, 16:24:36"
Writing snapshot to Snapshot

"* Opening session at Sunday, 12 July 2026, 16:25:45"

"* Opening session at Sunday, 12 July 2026, 16:30:59"

"* Closing session at Sunday, 12 July 2026, 16:31:11"

"* Opening session at Sunday, 12 July 2026, 16:31:33"

"*  Sunday, 12 July 2026, 16:35:35"
Writing snapshot to Snapshot

"*  Sunday, 12 July 2026, 16:37:04"
Writing snapshot to Snapshot

"*  Sunday, 12 July 2026, 16:37:26"
Writing snapshot to Snapshot

"*  Sunday, 12 July 2026, 16:38:38"
Writing snapshot to Snapshot

"*  Sunday, 12 July 2026, 16:39:27"
Writing snapshot to Snapshot

"*  Sunday, 12 July 2026, 16:40:19"
Writing snapshot to Snapshot

"*  Sunday, 12 July 2026, 16:42:14"
Writing snapshot to Snapshot

"*  Sunday, 12 July 2026, 16:45:17"
Writing snapshot to Snapshot

"*  Sunday, 12 July 2026, 16:45:56"
Writing snapshot to Snapshot

"*  Sunday, 12 July 2026, 16:46:32"
Writing snapshot to Snapshot

"*  Sunday, 12 July 2026, 16:46:37"
Writing snapshot to Snapshot

"*  Sunday, 12 July 2026, 16:51:57"
Writing snapshot to Snapshot

"* Opening session at Sunday, 12 July 2026, 16:58:25"

"*  Sunday, 12 July 2026, 16:58:53"
Writing snapshot to Snapshot

"*  Sunday, 12 July 2026, 17:00:34"
Writing snapshot to Snapshot

"*  Sunday, 12 July 2026, 17:01:07"
Writing snapshot to Snapshot

"*  Sunday, 12 July 2026, 17:02:04"
Writing snapshot to Snapshot

"*  Sunday, 12 July 2026, 17:03:12"
Writing snapshot to Snapshot

"*  Sunday, 12 July 2026, 17:04:34"
Writing snapshot to Snapshot

"*  Sunday, 12 July 2026, 17:04:40"
Writing snapshot to Snapshot

"*  Sunday, 12 July 2026, 17:05:09"
Writing snapshot to Snapshot

"* Opening session at Sunday, 12 July 2026, 17:06:00"

"*  Sunday, 12 July 2026, 17:06:53"
Writing snapshot to Snapshot

"*  Sunday, 12 July 2026, 17:09:04"
Writing snapshot to Snapshot

"*  Sunday, 12 July 2026, 17:09:35"
Writing snapshot to Snapshot

"*  Sunday, 12 July 2026, 17:12:31"
Writing snapshot to Snapshot

"*  Sunday, 12 July 2026, 17:14:18"
Writing snapshot to Snapshot

"*  Sunday, 12 July 2026, 17:16:10"
Writing snapshot to Snapshot

"* Closing session at Sunday, 12 July 2026, 17:16:10"

"* Opening session at Sunday, 12 July 2026, 17:16:18"

"* Closing session at Sunday, 12 July 2026, 17:16:28"

"* Opening session at Sunday, 12 July 2026, 17:21:24"

"*  Sunday, 12 July 2026, 17:22:46"
Writing snapshot to Snapshot

"*  Sunday, 12 July 2026, 17:29:30"
Writing snapshot to Snapshot

"*  Sunday, 12 July 2026, 17:30:28"
Writing snapshot to Snapshot

"*  Sunday, 12 July 2026, 17:32:41"
Writing snapshot to Snapshot

"*  Sunday, 12 July 2026, 17:33:08"
Writing snapshot to Snapshot

"*  Sunday, 12 July 2026, 17:37:17"
Writing snapshot to Snapshot

"*  Sunday, 12 July 2026, 17:38:49"
Writing snapshot to Snapshot

"*  Sunday, 12 July 2026, 17:39:14"
Writing snapshot to Snapshot

"*  Sunday, 12 July 2026, 17:39:17"
Writing snapshot to Snapshot

"*  Sunday, 12 July 2026, 17:39:43"
Writing snapshot to Snapshot

"*  Sunday, 12 July 2026, 17:40:13"
Writing snapshot to Snapshot

"*  Sunday, 12 July 2026, 17:41:12"
Writing snapshot to Snapshot

"*  Sunday, 12 July 2026, 17:43:22"
Writing snapshot to Snapshot

"*  Sunday, 12 July 2026, 17:43:35"
Writing snapshot to Snapshot

"*  Sunday, 12 July 2026, 17:44:11"
Writing snapshot to Snapshot

"* Opening session at Sunday, 12 July 2026, 17:45:53"

"*  Sunday, 12 July 2026, 17:49:28"
Writing snapshot to Snapshot

"*  Sunday, 12 July 2026, 17:51:55"
Writing snapshot to Snapshot

"*  Sunday, 12 July 2026, 17:52:24"
Writing snapshot to Snapshot

"*  Sunday, 12 July 2026, 17:54:12"
Writing snapshot to Snapshot

"*  Sunday, 12 July 2026, 17:56:11"
Writing snapshot to Snapshot

"*  Sunday, 12 July 2026, 17:56:33"
Writing snapshot to Snapshot

"*  Sunday, 12 July 2026, 17:58:28"
Writing snapshot to Snapshot

"*  Sunday, 12 July 2026, 17:58:49"
Writing snapshot to Snapshot

"*  Sunday, 12 July 2026, 17:59:37"
Writing snapshot to Snapshot

"*  Sunday, 12 July 2026, 18:00:49"
Writing snapshot to Snapshot

"*  Sunday, 12 July 2026, 18:03:43"
Writing snapshot to Snapshot

"*  Sunday, 12 July 2026, 18:03:50"
Writing snapshot to Snapshot

"*  Sunday, 12 July 2026, 18:07:11"
Writing snapshot to Snapshot

"*  Sunday, 12 July 2026, 18:09:57"
Writing snapshot to Snapshot

"*  Sunday, 12 July 2026, 18:10:29"
Writing snapshot to Snapshot

"*  Sunday, 12 July 2026, 18:10:51"
Writing snapshot to Snapshot

"*  Sunday, 12 July 2026, 18:11:25"
Writing snapshot to Snapshot

"*  Sunday, 12 July 2026, 18:12:05"
Writing snapshot to Snapshot

"*  Sunday, 12 July 2026, 18:12:14"
Writing snapshot to Snapshot

"*  Sunday, 12 July 2026, 18:13:49"
Writing snapshot to Snapshot

"*  Sunday, 12 July 2026, 18:15:05"
Writing snapshot to Snapshot

"*  Sunday, 12 July 2026, 18:19:29"
Writing snapshot to Snapshot

"* Opening session at Sunday, 12 July 2026, 18:21:14"

"* Opening session at Sunday, 12 July 2026, 18:25:49"

"*  Sunday, 12 July 2026, 18:26:21"
Writing snapshot to Snapshot

"* Opening session at Sunday, 12 July 2026, 18:54:46"

"*  Sunday, 12 July 2026, 18:58:18"
Writing snapshot to Snapshot

"*  Sunday, 12 July 2026, 19:02:10"
Writing snapshot to Snapshot

"*  Sunday, 12 July 2026, 19:05:44"
Writing snapshot to Snapshot

"*  Sunday, 12 July 2026, 19:09:32"
Writing snapshot to Snapshot

"*  Sunday, 12 July 2026, 19:11:48"
Writing snapshot to Snapshot

"*  Sunday, 12 July 2026, 19:12:34"
Writing snapshot to Snapshot

"*  Sunday, 12 July 2026, 19:13:58"
Writing snapshot to Snapshot

"*  Sunday, 12 July 2026, 19:15:24"
Writing snapshot to Snapshot

"*  Sunday, 12 July 2026, 19:17:49"
Writing snapshot to Snapshot

"*  Sunday, 12 July 2026, 19:18:36"
Writing snapshot to Snapshot

"*  Sunday, 12 July 2026, 19:18:55"
Writing snapshot to Snapshot

"*  Sunday, 12 July 2026, 19:20:34"
Writing snapshot to Snapshot

"*  Sunday, 12 July 2026, 19:22:12"
Writing snapshot to Snapshot

"* Opening session at Sunday, 12 July 2026, 19:24:13"

"*  Sunday, 12 July 2026, 19:25:28"
Writing snapshot to Snapshot

"*  Sunday, 12 July 2026, 19:26:20"
Writing snapshot to Snapshot

"*  Sunday, 12 July 2026, 19:28:00"
Writing snapshot to Snapshot

"*  Sunday, 12 July 2026, 19:28:57"
Writing snapshot to Snapshot

"*  Sunday, 12 July 2026, 19:29:54"
Writing snapshot to Snapshot

"*  Sunday, 12 July 2026, 19:31:17"
Writing snapshot to Snapshot

"*  Sunday, 12 July 2026, 19:32:00"
Writing snapshot to Snapshot

"*  Sunday, 12 July 2026, 19:32:24"
Writing snapshot to Snapshot

"*  Sunday, 12 July 2026, 19:33:39"
Writing snapshot to Snapshot

"*  Sunday, 12 July 2026, 19:34:58"
Writing snapshot to Snapshot

"*  Sunday, 12 July 2026, 19:37:42"
Writing snapshot to Snapshot

"*  Sunday, 12 July 2026, 19:37:49"
Writing snapshot to Snapshot

"*  Sunday, 12 July 2026, 19:40:18"
Writing snapshot to Snapshot

"*  Sunday, 12 July 2026, 19:40:24"
Writing snapshot to Snapshot

"*  Sunday, 12 July 2026, 19:42:59"
Writing snapshot to Snapshot

"*  Sunday, 12 July 2026, 19:44:28"
Writing snapshot to Snapshot

"*  Sunday, 12 July 2026, 19:46:19"
Writing snapshot to Snapshot

"*  Sunday, 12 July 2026, 19:46:46"
Writing snapshot to Snapshot

"*  Sunday, 12 July 2026, 19:47:00"
Writing snapshot to Snapshot

"*  Sunday, 12 July 2026, 19:47:48"
Writing snapshot to Snapshot

"* Opening session at Sunday, 12 July 2026, 19:50:48"

"*  Sunday, 12 July 2026, 19:59:02"
Writing snapshot to Snapshot

"*  Sunday, 12 July 2026, 19:59:37"
Writing snapshot to Snapshot

"*  Sunday, 12 July 2026, 20:00:37"
Writing snapshot to Snapshot

"*  Sunday, 12 July 2026, 20:08:32"
Writing snapshot to Snapshot

"*  Sunday, 12 July 2026, 20:08:33"
Writing snapshot to Snapshot

"*  Sunday, 12 July 2026, 20:12:31"
Writing snapshot to Snapshot

"*  Sunday, 12 July 2026, 20:17:51"
Writing snapshot to Snapshot

"*  Sunday, 12 July 2026, 20:18:45"
Writing snapshot to Snapshot

"*  Sunday, 12 July 2026, 20:19:02"
Writing snapshot to Snapshot

"*  Sunday, 12 July 2026, 20:22:00"
Writing snapshot to Snapshot

"*  Sunday, 12 July 2026, 20:22:13"
Writing snapshot to Snapshot

"*  Sunday, 12 July 2026, 20:23:12"
Writing snapshot to Snapshot

"*  Sunday, 12 July 2026, 20:26:32"
Writing snapshot to Snapshot

"*  Sunday, 12 July 2026, 20:26:50"
Writing snapshot to Snapshot

"*  Sunday, 12 July 2026, 20:28:29"
Writing snapshot to Snapshot

"*  Sunday, 12 July 2026, 20:32:51"
Writing snapshot to Snapshot

"*  Sunday, 12 July 2026, 20:32:59"
Writing snapshot to Snapshot

"*  Sunday, 12 July 2026, 20:34:05"
Writing snapshot to Snapshot

"*  Sunday, 12 July 2026, 20:34:42"
Writing snapshot to Snapshot

"*  Sunday, 12 July 2026, 20:34:57"
Writing snapshot to Snapshot

"*  Sunday, 12 July 2026, 20:35:13"
Writing snapshot to Snapshot

"*  Sunday, 12 July 2026, 20:37:46"
Writing snapshot to Snapshot

"*  Sunday, 12 July 2026, 20:42:04"
Writing snapshot to Snapshot

"*  Sunday, 12 July 2026, 20:47:14"
Writing snapshot to Snapshot

"*  Sunday, 12 July 2026, 20:48:28"
Writing snapshot to Snapshot

"*  Sunday, 12 July 2026, 20:48:43"
Writing snapshot to Snapshot

"*  Sunday, 12 July 2026, 20:49:07"
Writing snapshot to Snapshot

"*  Sunday, 12 July 2026, 20:50:49"
Writing snapshot to Snapshot

"*  Sunday, 12 July 2026, 20:53:07"
Writing snapshot to Snapshot

"*  Sunday, 12 July 2026, 20:56:31"
Writing snapshot to Snapshot

"*  Sunday, 12 July 2026, 20:57:43"
Writing snapshot to Snapshot

"*  Sunday, 12 July 2026, 20:57:59"
Writing snapshot to Snapshot

"* Opening session at Monday, 13 July 2026, 13:20:49"

"*  Monday, 13 July 2026, 13:24:10"
Writing snapshot to Snapshot

"*  Monday, 13 July 2026, 13:24:23"
Writing snapshot to Snapshot

"*  Monday, 13 July 2026, 13:37:29"
Writing snapshot to Snapshot

"*  Monday, 13 July 2026, 13:48:12"
Writing snapshot to Snapshot

"*  Monday, 13 July 2026, 13:48:50"
Writing snapshot to Snapshot

"*  Monday, 13 July 2026, 13:50:31"
Writing snapshot to Snapshot

"*  Monday, 13 July 2026, 13:50:58"
Writing snapshot to Snapshot

"*  Monday, 13 July 2026, 13:51:05"
Writing snapshot to Snapshot

"*  Monday, 13 July 2026, 14:00:07"
Writing snapshot to Snapshot

"*  Monday, 13 July 2026, 14:02:19"
Writing snapshot to Snapshot

"*  Monday, 13 July 2026, 14:03:40"
Writing snapshot to Snapshot

"*  Monday, 13 July 2026, 14:04:30"
Writing snapshot to Snapshot

"*  Monday, 13 July 2026, 14:04:46"
Writing snapshot to Snapshot

"*  Monday, 13 July 2026, 14:05:57"
Writing snapshot to Snapshot

"*  Monday, 13 July 2026, 14:06:34"
Writing snapshot to Snapshot

"*  Monday, 13 July 2026, 14:08:02"
Writing snapshot to Snapshot

"*  Monday, 13 July 2026, 14:09:13"
Writing snapshot to Snapshot

"* Closing session at Monday, 13 July 2026, 14:10:11"

"* Opening session at Monday, 13 July 2026, 14:13:05"

"*  Monday, 13 July 2026, 14:25:04"
Writing snapshot to Snapshot

"* Closing session at Monday, 13 July 2026, 14:25:56"

"* Opening session at Monday, 13 July 2026, 14:30:05"

"*  Monday, 13 July 2026, 14:31:43"
Writing snapshot to Snapshot

"*  Monday, 13 July 2026, 14:32:29"
Writing snapshot to Snapshot

"*  Monday, 13 July 2026, 14:33:30"
Writing snapshot to Snapshot

"*  Monday, 13 July 2026, 14:34:06"
Writing snapshot to Snapshot

"*  Monday, 13 July 2026, 14:34:32"
Writing snapshot to Snapshot

"*  Monday, 13 July 2026, 14:36:45"
Writing snapshot to Snapshot

"*  Monday, 13 July 2026, 14:59:37"
Writing snapshot to Snapshot

"*  Monday, 13 July 2026, 15:10:22"
Writing snapshot to Snapshot

"*  Monday, 13 July 2026, 15:12:37"
Writing snapshot to Snapshot

"*  Monday, 13 July 2026, 15:13:32"
Writing snapshot to Snapshot

"*  Monday, 13 July 2026, 15:20:14"
Writing snapshot to Snapshot

"*  Monday, 13 July 2026, 15:20:31"
Writing snapshot to Snapshot

"*  Monday, 13 July 2026, 15:21:05"
Writing snapshot to Snapshot

"*  Monday, 13 July 2026, 15:24:05"
Writing snapshot to Snapshot

"*  Monday, 13 July 2026, 15:24:25"
Writing snapshot to Snapshot

"*  Monday, 13 July 2026, 15:24:42"
Writing snapshot to Snapshot

"*  Monday, 13 July 2026, 15:25:13"
Writing snapshot to Snapshot

"*  Monday, 13 July 2026, 15:26:07"
Writing snapshot to Snapshot

"* Opening session at Monday, 13 July 2026, 15:57:28"

"*  Monday, 13 July 2026, 15:57:43"
Writing snapshot to Snapshot

"*  Monday, 13 July 2026, 15:58:09"
Writing snapshot to Snapshot

"*  Monday, 13 July 2026, 15:59:13"
Writing snapshot to Snapshot

"*  Monday, 13 July 2026, 16:00:02"
Writing snapshot to Snapshot

"*  Monday, 13 July 2026, 16:00:29"
Writing snapshot to Snapshot

"*  Monday, 13 July 2026, 16:05:40"
Writing snapshot to Snapshot

"*  Monday, 13 July 2026, 18:53:19"
Writing snapshot to Snapshot

"* Opening session at Monday, 13 July 2026, 18:53:36"

"*  Monday, 13 July 2026, 18:59:59"
Writing snapshot to Snapshot

"*  Monday, 13 July 2026, 19:12:33"
Writing snapshot to Snapshot

"*  Monday, 13 July 2026, 19:13:50"
Writing snapshot to Snapshot

"*  Monday, 13 July 2026, 19:15:27"
Writing snapshot to Snapshot

"* Opening session at Monday, 13 July 2026, 19:32:43"

"*  Monday, 13 July 2026, 19:34:27"
Writing snapshot to Snapshot

"*  Monday, 13 July 2026, 19:34:49"
Writing snapshot to Snapshot

"*  Monday, 13 July 2026, 19:38:37"
Writing snapshot to Snapshot

"*  Monday, 13 July 2026, 19:39:54"
Writing snapshot to Snapshot

"*  Monday, 13 July 2026, 19:40:17"
Writing snapshot to Snapshot

"*  Monday, 13 July 2026, 19:40:30"
Writing snapshot to Snapshot

"*  Monday, 13 July 2026, 19:43:58"
Writing snapshot to Snapshot

"*  Monday, 13 July 2026, 19:45:34"
Writing snapshot to Snapshot

"*  Monday, 13 July 2026, 19:45:55"
Writing snapshot to Snapshot

"*  Monday, 13 July 2026, 19:51:17"
Writing snapshot to Snapshot

"*  Monday, 13 July 2026, 19:52:43"
Writing snapshot to Snapshot

"*  Monday, 13 July 2026, 19:53:10"
Writing snapshot to Snapshot

"*  Monday, 13 July 2026, 19:53:28"
Writing snapshot to Snapshot

"*  Monday, 13 July 2026, 19:53:47"
Writing snapshot to Snapshot

"*  Monday, 13 July 2026, 19:54:01"
Writing snapshot to Snapshot

"*  Monday, 13 July 2026, 19:54:53"
Writing snapshot to Snapshot

"*  Monday, 13 July 2026, 19:55:37"
Writing snapshot to Snapshot

"*  Monday, 13 July 2026, 19:55:56"
Writing snapshot to Snapshot

"*  Monday, 13 July 2026, 19:58:18"
Writing snapshot to Snapshot

"*  Monday, 13 July 2026, 19:59:55"
Writing snapshot to Snapshot

"*  Monday, 13 July 2026, 20:01:26"
Writing snapshot to Snapshot

"*  Monday, 13 July 2026, 20:01:55"
Writing snapshot to Snapshot

"*  Monday, 13 July 2026, 20:02:09"
Writing snapshot to Snapshot

"*  Monday, 13 July 2026, 20:02:50"
Writing snapshot to Snapshot

"*  Monday, 13 July 2026, 20:08:51"
Writing snapshot to Snapshot

"*  Monday, 13 July 2026, 20:09:22"
Writing snapshot to Snapshot

"*  Monday, 13 July 2026, 20:09:51"
Writing snapshot to Snapshot

"*  Monday, 13 July 2026, 20:11:13"
Writing snapshot to Snapshot

"*  Monday, 13 July 2026, 20:12:18"
Writing snapshot to Snapshot

"*  Monday, 13 July 2026, 20:14:44"
Writing snapshot to Snapshot

"*  Monday, 13 July 2026, 20:17:18"
Writing snapshot to Snapshot

"*  Monday, 13 July 2026, 20:23:04"
Writing snapshot to Snapshot

"*  Monday, 13 July 2026, 20:23:17"
Writing snapshot to Snapshot

"*  Monday, 13 July 2026, 20:25:29"
Writing snapshot to Snapshot

"*  Monday, 13 July 2026, 20:26:28"
Writing snapshot to Snapshot

"* Closing session at Monday, 13 July 2026, 20:26:34"

"* Opening session at Monday, 13 July 2026, 20:31:07"

"* Closing session at Monday, 13 July 2026, 20:31:14"

"* Opening session at Monday, 13 July 2026, 20:31:30"

"*  Monday, 13 July 2026, 20:31:40"
Writing snapshot to Snapshot

"*  Monday, 13 July 2026, 20:33:46"
Writing snapshot to Snapshot

"*  Monday, 13 July 2026, 20:43:07"
Writing snapshot to Snapshot

"*  Monday, 13 July 2026, 20:43:12"
Writing snapshot to Snapshot

"*  Monday, 13 July 2026, 20:44:11"
Writing snapshot to Snapshot

"* Opening session at Monday, 13 July 2026, 20:45:22"

"*  Monday, 13 July 2026, 20:45:38"
Writing snapshot to Snapshot

"*  Monday, 13 July 2026, 20:45:55"
Writing snapshot to Snapshot

"* Opening session at Monday, 13 July 2026, 20:46:36"

"*  Monday, 13 July 2026, 20:47:21"
Writing snapshot to Snapshot

"*  Monday, 13 July 2026, 20:47:39"
Writing snapshot to Snapshot

"*  Monday, 13 July 2026, 20:48:35"
Writing snapshot to Snapshot

"*  Monday, 13 July 2026, 20:49:10"
Writing snapshot to Snapshot

"*  Monday, 13 July 2026, 20:55:29"
Writing snapshot to Snapshot

"*  Monday, 13 July 2026, 20:59:43"
Writing snapshot to Snapshot

"*  Monday, 13 July 2026, 20:59:46"
Writing snapshot to Snapshot

"*  Monday, 13 July 2026, 20:59:56"
Writing snapshot to Snapshot

"*  Monday, 13 July 2026, 21:01:18"
Writing snapshot to Snapshot

"*  Monday, 13 July 2026, 21:01:22"
Writing snapshot to Snapshot

"*  Monday, 13 July 2026, 21:01:42"
Writing snapshot to Snapshot

"*  Monday, 13 July 2026, 21:04:48"
Writing snapshot to Snapshot

"* Closing session at Monday, 13 July 2026, 21:04:48"

"* Opening session at Tuesday, 14 July 2026, 8:45:17"

"* Opening session at Tuesday, 14 July 2026, 9:07:21"

"*  Tuesday, 14 July 2026, 9:50:39"
Writing snapshot to Snapshot

"*  Tuesday, 14 July 2026, 10:07:36"
Writing snapshot to Snapshot

"* Closing session at Tuesday, 14 July 2026, 10:11:26"

"* Opening session at Tuesday, 14 July 2026, 10:11:53"

"* Closing session at Tuesday, 14 July 2026, 10:16:03"

"* Opening session at Tuesday, 14 July 2026, 10:16:22"

"*  Tuesday, 14 July 2026, 16:18:23"
Writing snapshot to Snapshot

"* Closing session at Tuesday, 14 July 2026, 16:18:23"

"* Opening session at Tuesday, 14 July 2026, 16:27:31"

"* Closing session at Tuesday, 14 July 2026, 16:29:04"

"* Opening session at Tuesday, 14 July 2026, 16:32:36"

"*  Tuesday, 14 July 2026, 16:39:40"
Writing snapshot to fresh

"*  Tuesday, 14 July 2026, 16:44:20"
Writing snapshot to fresh

"*  Tuesday, 14 July 2026, 16:51:58"
Writing snapshot to fresh

"*  Tuesday, 14 July 2026, 16:53:38"
Writing snapshot to fresh

"*  Tuesday, 14 July 2026, 16:55:19"
Writing snapshot to fresh

"*  Tuesday, 14 July 2026, 16:56:01"
Writing snapshot to fresh

"*  Tuesday, 14 July 2026, 16:57:34"
Writing snapshot to fresh

"*  Tuesday, 14 July 2026, 16:57:42"
Writing snapshot to fresh

"* Closing session at Tuesday, 14 July 2026, 16:57:58"

"* Opening session at Tuesday, 14 July 2026, 16:58:16"

"*  Tuesday, 14 July 2026, 16:59:44"
Writing snapshot to fresh

"* Closing session at Tuesday, 14 July 2026, 16:59:56"

"* Opening session at Tuesday, 14 July 2026, 17:00:02"

"*  Tuesday, 14 July 2026, 17:04:53"
Writing snapshot to fresh

"*  Tuesday, 14 July 2026, 17:09:11"
Writing snapshot to fresh

"*  Tuesday, 14 July 2026, 17:10:19"
Writing snapshot to fresh

"*  Tuesday, 14 July 2026, 17:11:00"
Writing snapshot to fresh

"*  Tuesday, 14 July 2026, 17:17:08"
Writing snapshot to fresh

"* Closing session at Tuesday, 14 July 2026, 17:17:14"

"* Opening session at Tuesday, 14 July 2026, 17:17:34"

"*  Tuesday, 14 July 2026, 17:19:33"
Writing snapshot to fresh

"*  Tuesday, 14 July 2026, 17:20:13"
Writing snapshot to fresh

"*  Tuesday, 14 July 2026, 17:20:21"
Writing snapshot to fresh

"* Closing session at Tuesday, 14 July 2026, 17:20:21"

"* Opening session at Tuesday, 14 July 2026, 17:24:19"

"*  Tuesday, 14 July 2026, 17:30:02"
Writing snapshot to Snapshotaa

"* Closing session at Tuesday, 14 July 2026, 17:30:07"

"* Opening session at Tuesday, 14 July 2026, 17:30:21"

"* Opening session at Tuesday, 14 July 2026, 17:33:09"

"*  Tuesday, 14 July 2026, 17:37:24"
Writing snapshot to Snapshot

"* Opening session at Tuesday, 14 July 2026, 17:41:26"

"* Opening session at Wednesday, 15 July 2026, 9:03:14"

"*  Wednesday, 15 July 2026, 9:10:46"
Writing snapshot to Renamed

"*  Wednesday, 15 July 2026, 9:11:35"
Writing snapshot to Renamed

"*  Wednesday, 15 July 2026, 9:58:12"
Writing snapshot to Renamed

"*  Wednesday, 15 July 2026, 9:59:05"
Writing snapshot to Renamed

"*  Wednesday, 15 July 2026, 10:05:50"
Writing snapshot to Renamed

"*  Wednesday, 15 July 2026, 10:07:47"
Writing snapshot to Renamed

"*  Wednesday, 15 July 2026, 10:08:10"
Writing snapshot to Renamed

"*  Wednesday, 15 July 2026, 10:18:16"
Writing snapshot to Renamed

"*  Wednesday, 15 July 2026, 10:20:52"
Writing snapshot to Renamed

"*  Wednesday, 15 July 2026, 10:20:56"
Writing snapshot to Renamed

"*  Wednesday, 15 July 2026, 10:25:23"
Writing snapshot to Renamed

"*  Wednesday, 15 July 2026, 10:25:39"
Writing snapshot to Renamed

"*  Wednesday, 15 July 2026, 10:27:42"
Writing snapshot to Renamed

"* Closing session at Wednesday, 15 July 2026, 10:30:30"

"* Opening session at Wednesday, 15 July 2026, 10:37:33"

"* Opening session at Wednesday, 15 July 2026, 14:03:09"

"*  Wednesday, 15 July 2026, 14:03:19"
Writing snapshot to Snapshot

"* Closing session at Wednesday, 15 July 2026, 14:18:31"

"* Opening session at Wednesday, 15 July 2026, 14:18:59"

"*  Wednesday, 15 July 2026, 14:20:35"
Writing snapshot to Snapshot

"*  Wednesday, 15 July 2026, 14:21:16"
Writing snapshot to Snapshot

"* Opening session at Wednesday, 15 July 2026, 14:24:20"

"* Closing session at Wednesday, 15 July 2026, 14:36:53"

"* Opening session at Wednesday, 15 July 2026, 14:51:14"

"* Opening session at Wednesday, 15 July 2026, 15:05:34"

"*  Wednesday, 15 July 2026, 15:13:59"
Writing snapshot to Snapshot

"*  Wednesday, 15 July 2026, 15:14:31"
Writing snapshot to Snapshot

"*  Wednesday, 15 July 2026, 15:16:46"
Writing snapshot to Snapshot

"*  Wednesday, 15 July 2026, 15:24:29"
Writing snapshot to Snapshot

"*  Wednesday, 15 July 2026, 15:28:32"
Writing snapshot to Snapshot

"*  Wednesday, 15 July 2026, 15:29:04"
Writing snapshot to Snapshot

"*  Wednesday, 15 July 2026, 15:29:22"
Writing snapshot to Snapshot

"*  Wednesday, 15 July 2026, 15:29:59"
Writing snapshot to Snapshot

"*  Wednesday, 15 July 2026, 15:30:08"
Writing snapshot to Snapshot

"*  Wednesday, 15 July 2026, 15:30:23"
Writing snapshot to Snapshot

"*  Wednesday, 15 July 2026, 15:30:25"
Writing snapshot to Snapshot

"* Closing session at Wednesday, 15 July 2026, 15:30:43"

"* Opening session at Wednesday, 15 July 2026, 15:31:06"

"* Closing session at Wednesday, 15 July 2026, 15:31:08"

"* Opening session at Wednesday, 15 July 2026, 15:53:22"

"*  Wednesday, 15 July 2026, 15:54:19"
Writing snapshot to Snapshot

"*  Wednesday, 15 July 2026, 15:55:48"
Writing snapshot to Snapshot

"*  Wednesday, 15 July 2026, 15:56:30"
Writing snapshot to Snapshot

"*  Wednesday, 15 July 2026, 15:56:43"
Writing snapshot to Snapshot

"*  Wednesday, 15 July 2026, 15:57:48"
Writing snapshot to Snapshot

"*  Wednesday, 15 July 2026, 15:59:06"
Writing snapshot to Snapshot

"*  Wednesday, 15 July 2026, 16:00:09"
Writing snapshot to Snapshot

"*  Wednesday, 15 July 2026, 16:00:38"
Writing snapshot to Snapshot

"* Opening session at Wednesday, 15 July 2026, 19:39:59"

"*  Wednesday, 15 July 2026, 20:00:33"
Writing snapshot to Snapshot

"*  Wednesday, 15 July 2026, 20:10:20"
Writing snapshot to Snapshot

"*  Wednesday, 15 July 2026, 20:13:43"
Writing snapshot to Snapshot

"*  Wednesday, 15 July 2026, 20:18:58"
Writing snapshot to Snapshot

"*  Wednesday, 15 July 2026, 20:19:57"
Writing snapshot to Snapshot

"*  Wednesday, 15 July 2026, 20:21:28"
Writing snapshot to Snapshot

"*  Wednesday, 15 July 2026, 20:22:25"
Writing snapshot to Snapshot

"*  Wednesday, 15 July 2026, 20:24:39"
Writing snapshot to Snapshot

"*  Wednesday, 15 July 2026, 20:30:02"
Writing snapshot to Snapshot

"*  Wednesday, 15 July 2026, 20:32:01"
Writing snapshot to Snapshot

"*  Wednesday, 15 July 2026, 20:38:33"
Writing snapshot to Snapshot

"*  Wednesday, 15 July 2026, 20:41:02"
Writing snapshot to Snapshot

"*  Wednesday, 15 July 2026, 20:48:04"
Writing snapshot to Snapshot

"*  Wednesday, 15 July 2026, 20:58:17"
Writing snapshot to Snapshot

"* Opening session at Wednesday, 15 July 2026, 20:58:59"

"*  Wednesday, 15 July 2026, 20:59:52"
Writing snapshot to Snapshot

"*  Wednesday, 15 July 2026, 21:01:07"
Writing snapshot to Snapshot

"*  Wednesday, 15 July 2026, 21:02:26"
Writing snapshot to Snapshot

"*  Wednesday, 15 July 2026, 21:03:21"
Writing snapshot to Snapshot

"*  Wednesday, 15 July 2026, 21:03:51"
Writing snapshot to Snapshot

"*  Wednesday, 15 July 2026, 21:05:22"
Writing snapshot to Snapshot

"*  Wednesday, 15 July 2026, 21:07:50"
Writing snapshot to Snapshot

"*  Wednesday, 15 July 2026, 21:08:14"
Writing snapshot to Snapshot

"*  Wednesday, 15 July 2026, 21:08:50"
Writing snapshot to Snapshot

"*  Wednesday, 15 July 2026, 21:09:19"
Writing snapshot to Black

"*  Wednesday, 15 July 2026, 21:10:40"
Writing snapshot to Black

"*  Wednesday, 15 July 2026, 21:11:09"
Writing snapshot to Black

"*  Wednesday, 15 July 2026, 21:11:56"
Writing snapshot to Black

"*  Wednesday, 15 July 2026, 21:13:03"
Writing snapshot to Black

"*  Wednesday, 15 July 2026, 21:14:25"
Writing snapshot to Black

"*  Wednesday, 15 July 2026, 21:15:15"
Writing snapshot to Black

"*  Wednesday, 15 July 2026, 21:17:17"
Writing snapshot to Black

"*  Wednesday, 15 July 2026, 21:18:53"
Writing snapshot to Black

"*  Wednesday, 15 July 2026, 21:21:14"
Writing snapshot to Black

"*  Wednesday, 15 July 2026, 21:24:04"
Writing snapshot to Black

"*  Wednesday, 15 July 2026, 21:24:33"
Writing snapshot to Black

"*  Wednesday, 15 July 2026, 21:27:26"
Writing snapshot to Black

"*  Wednesday, 15 July 2026, 21:28:08"
Writing snapshot to Black

"*  Wednesday, 15 July 2026, 21:29:17"
Writing snapshot to Black

"*  Wednesday, 15 July 2026, 21:33:33"
Writing snapshot to Black

"*  Wednesday, 15 July 2026, 21:34:41"
Writing snapshot to Black

"*  Wednesday, 15 July 2026, 21:36:14"
Writing snapshot to Black

"*  Wednesday, 15 July 2026, 21:39:21"
Writing snapshot to Black

"*  Wednesday, 15 July 2026, 21:41:38"
Writing snapshot to Black

"*  Wednesday, 15 July 2026, 21:42:08"
Writing snapshot to Black

"*  Wednesday, 15 July 2026, 21:42:36"
Writing snapshot to Black

"*  Wednesday, 15 July 2026, 21:45:19"
Writing snapshot to Black

"*  Wednesday, 15 July 2026, 21:46:07"
Writing snapshot to Black

"*  Wednesday, 15 July 2026, 21:46:17"
Writing snapshot to Black

"*  Wednesday, 15 July 2026, 21:46:32"
Writing snapshot to filedout

"*  Wednesday, 15 July 2026, 21:50:27"
Writing snapshot to filedout

"*  Wednesday, 15 July 2026, 21:51:09"
Writing snapshot to filedout

"*  Wednesday, 15 July 2026, 21:51:50"
Writing snapshot to filedout

"*  Wednesday, 15 July 2026, 21:52:05"
Writing snapshot to filedout

"* Closing session at Wednesday, 15 July 2026, 21:57:24"

"*  Wednesday, 15 July 2026, 21:54:20"
Writing snapshot to Snapshot

"*  Wednesday, 15 July 2026, 21:55:16"
Writing snapshot to Snapshot

"*  Wednesday, 15 July 2026, 21:55:28"
Writing snapshot to Snapshot

"*  Wednesday, 15 July 2026, 21:55:49"
Writing snapshot to Snapshot

"*  Wednesday, 15 July 2026, 21:57:20"
Writing snapshot to Snapshot

"* Closing session at Wednesday, 15 July 2026, 21:57:20"

"* Opening session at Monday, 27 July 2026, 11:53:09"

"*  Monday, 27 July 2026, 11:55:39"
Writing snapshot to Snapshot

"*  Monday, 27 July 2026, 11:56:51"
Writing snapshot to Snapshot

"* Opening session at Tuesday, 11 August 2026, 18:19:11"

"* Closing session at Tuesday, 11 August 2026, 18:20:15"

"* Opening session at Tuesday, 11 August 2026, 18:21:10"

"*  Tuesday, 11 August 2026, 18:21:48"
Writing snapshot to Snapshot

"*  Tuesday, 11 August 2026, 18:22:20"
Writing snapshot to Snapshot

"*  Tuesday, 11 August 2026, 18:23:50"
Writing snapshot to Snapshot

"*  Tuesday, 11 August 2026, 18:24:09"
Writing snapshot to Snapshot

"*  Tuesday, 11 August 2026, 18:26:14"
Writing snapshot to Snapshot

"*  Tuesday, 11 August 2026, 18:26:17"
Writing snapshot to Snapshot

"*  Tuesday, 11 August 2026, 18:27:09"
Writing snapshot to Snapshot

"*  Tuesday, 11 August 2026, 18:29:56"
Writing snapshot to Snapshot

"*  Tuesday, 11 August 2026, 18:58:31"
Writing snapshot to Snapshot

"*  Tuesday, 11 August 2026, 18:58:56"
Writing snapshot to Snapshot

"*  Tuesday, 11 August 2026, 19:01:02"
Writing snapshot to Snapshot

"*  Tuesday, 11 August 2026, 19:04:47"
Writing snapshot to Snapshot

"*  Tuesday, 11 August 2026, 19:05:34"
Writing snapshot to Snapshot

"*  Tuesday, 11 August 2026, 19:06:36"
Writing snapshot to Snapshot

"* Opening session at Saturday, 15 August 2026, 22:01:38"

"*  Saturday, 15 August 2026, 22:03:56"
Writing snapshot to Snapshot

"*  Saturday, 15 August 2026, 22:04:34"
Writing snapshot to Snapshot

"*  Saturday, 15 August 2026, 22:12:24"
Writing snapshot to Snapshot

"*  Saturday, 15 August 2026, 22:12:36"
Writing snapshot to Snapshot

"*  Saturday, 15 August 2026, 22:13:52"
Writing snapshot to Snapshot

"*  Saturday, 15 August 2026, 22:15:05"
Writing snapshot to Snapshot

"*  Saturday, 15 August 2026, 22:17:09"
Writing snapshot to Snapshot

"*  Saturday, 15 August 2026, 22:17:52"
Writing snapshot to Snapshot

"*  Saturday, 15 August 2026, 22:19:59"
Writing snapshot to Snapshot

"*  Saturday, 15 August 2026, 22:20:11"
Writing snapshot to Snapshot

"*  Saturday, 15 August 2026, 22:21:08"
Writing snapshot to Snapshot

"*  Saturday, 15 August 2026, 22:22:22"
Writing snapshot to Snapshot

"*  Saturday, 15 August 2026, 22:25:16"
Writing snapshot to Snapshot

"* Closing session at Sunday, 16 August 2026, 9:18:53"

"* Opening session at Sunday, 16 August 2026, 19:46:39"

"*  Sunday, 16 August 2026, 19:47:20"
Writing snapshot to Snapshot

"*  Sunday, 16 August 2026, 19:49:32"
Writing snapshot to Snapshot

"*  Sunday, 16 August 2026, 19:54:17"
Writing snapshot to Snapshot

"*  Sunday, 16 August 2026, 19:54:57"
Writing snapshot to Snapshot

"*  Sunday, 16 August 2026, 19:55:25"
Writing snapshot to Snapshot

"*  Sunday, 16 August 2026, 20:01:07"
Writing snapshot to Snapshot

"*  Sunday, 16 August 2026, 20:01:20"
Writing snapshot to Snapshot

"*  Sunday, 16 August 2026, 20:01:58"
Writing snapshot to Snapshot

"*  Sunday, 16 August 2026, 20:10:35"
Writing snapshot to R

"* Opening session at Sunday, 16 August 2026, 20:11:33"

"*  Sunday, 16 August 2026, 20:12:17"
Writing snapshot to Snapshot

"*  Sunday, 16 August 2026, 20:13:24"
Writing snapshot to Snapshot

"*  Sunday, 16 August 2026, 20:13:36"
Writing snapshot to Snapshot

"*  Sunday, 16 August 2026, 20:18:30"
Writing snapshot to Snapshot

"*  Sunday, 16 August 2026, 20:18:37"
Writing snapshot to Snapshot

"*  Sunday, 16 August 2026, 20:23:00"
Writing snapshot to Snapshot

"*  Sunday, 16 August 2026, 20:24:10"
Writing snapshot to Snapshot

"*  Sunday, 16 August 2026, 20:24:21"
Writing snapshot to Snapshot

"*  Sunday, 16 August 2026, 20:26:34"
Writing snapshot to Snapshot

"*  Sunday, 16 August 2026, 20:27:17"
Writing snapshot to Snapshot

"*  Sunday, 16 August 2026, 20:30:59"
Writing snapshot to Snapshot

"* Opening session at Sunday, 16 August 2026, 20:42:41"

"*  Sunday, 16 August 2026, 20:58:21"
Writing snapshot to Snapshot

"* Closing session at Sunday, 16 August 2026, 20:58:21"

"* Opening session at Monday, 17 August 2026, 18:04:56"

"*  Monday, 17 August 2026, 18:14:12"
Writing snapshot to Snapshot

"*  Monday, 17 August 2026, 18:15:00"
Writing snapshot to Snapshot

"*  Monday, 17 August 2026, 18:25:41"
Writing snapshot to Snapshot

"*  Monday, 17 August 2026, 18:28:55"
Writing snapshot to Snapshot

"*  Monday, 17 August 2026, 18:31:32"
Writing snapshot to Snapshot

"*  Monday, 17 August 2026, 18:37:48"
Writing snapshot to Snapshot

"*  Monday, 17 August 2026, 18:39:48"
Writing snapshot to Snapshot

"*  Monday, 17 August 2026, 18:41:53"
Writing snapshot to Snapshot

"*  Monday, 17 August 2026, 18:47:41"
Writing snapshot to Snapshot

"*  Monday, 17 August 2026, 18:52:06"
Writing snapshot to Snapshot

"*  Monday, 17 August 2026, 18:53:43"
Writing snapshot to Snapshot

"*  Monday, 17 August 2026, 18:54:10"
Writing snapshot to Snapshot

"*  Monday, 17 August 2026, 18:56:14"
Writing snapshot to Snapshot

"*  Monday, 17 August 2026, 18:57:12"
Writing snapshot to Snapshot

"*  Monday, 17 August 2026, 18:57:58"
Writing snapshot to Snapshot

"*  Monday, 17 August 2026, 18:59:31"
Writing snapshot to Snapshot

"*  Monday, 17 August 2026, 18:59:44"
Writing snapshot to Snapshot

"*  Monday, 17 August 2026, 19:01:03"
Writing snapshot to Snapshot

"*  Monday, 17 August 2026, 19:01:40"
Writing snapshot to Snapshot

"*  Monday, 17 August 2026, 19:02:51"
Writing snapshot to Snapshot

"*  Monday, 17 August 2026, 19:03:23"
Writing snapshot to Snapshot

"*  Monday, 17 August 2026, 19:03:36"
Writing snapshot to Snapshot

"* Opening session at Monday, 17 August 2026, 19:04:40"

"*  Monday, 17 August 2026, 21:28:27"
Writing snapshot to Snapshot

"*  Monday, 17 August 2026, 21:28:38"
Writing snapshot to Snapshot

"*  Monday, 17 August 2026, 21:29:45"
Writing snapshot to Snapshot

"*  Monday, 17 August 2026, 21:30:33"
Writing snapshot to Snapshot

"*  Monday, 17 August 2026, 21:30:53"
Writing snapshot to Snapshot

"*  Monday, 17 August 2026, 21:36:23"
Writing snapshot to Snapshot

"* Opening session at Monday, 17 August 2026, 21:36:58"

"*  Monday, 17 August 2026, 21:37:06"
Writing snapshot to R

"*  Monday, 17 August 2026, 21:37:48"
Writing snapshot to R

"* Closing session at Monday, 17 August 2026, 21:40:25"

"* Opening session at Monday, 17 August 2026, 21:43:05"

"*  Monday, 17 August 2026, 21:48:04"
Writing snapshot to Snapshot

"*  Monday, 17 August 2026, 21:49:45"
Writing snapshot to Snapshot

"*  Monday, 17 August 2026, 21:50:45"
Writing snapshot to Snapshot

"*  Monday, 17 August 2026, 21:55:30"
Writing snapshot to Snapshot

"*  Monday, 17 August 2026, 21:57:54"
Writing snapshot to Snapshot

"*  Monday, 17 August 2026, 21:58:53"
Writing snapshot to Snapshot

"*  Monday, 17 August 2026, 22:03:07"
Writing snapshot to Snapshot

"* Closing session at Monday, 17 August 2026, 22:03:12"

"* Opening session at Tuesday, 18 August 2026, 14:53:55"

"*  Tuesday, 18 August 2026, 15:23:02"
Writing snapshot to Snapshot

"*  Tuesday, 18 August 2026, 15:24:39"
Writing snapshot to Snapshot

"*  Tuesday, 18 August 2026, 15:28:44"
Writing snapshot to Snapshot

"*  Tuesday, 18 August 2026, 15:31:16"
Writing snapshot to Snapshot

"*  Tuesday, 18 August 2026, 15:32:59"
Writing snapshot to Snapshot

"*  Tuesday, 18 August 2026, 15:34:54"
Writing snapshot to Snapshot

"*  Tuesday, 18 August 2026, 15:34:59"
Writing snapshot to Snapshot

"*  Tuesday, 18 August 2026, 15:35:44"
Writing snapshot to Snapshot

"* Opening session at Tuesday, 18 August 2026, 16:01:52"

"*  Tuesday, 18 August 2026, 16:05:08"
Writing snapshot to Snapshot

"*  Tuesday, 18 August 2026, 16:06:33"
Writing snapshot to Snapshot

"*  Tuesday, 18 August 2026, 16:09:33"
Writing snapshot to Snapshot

"* Opening session at Tuesday, 18 August 2026, 16:18:24"

"* Closing session at Wednesday, 19 August 2026, 15:16:48"

"* Opening session at Wednesday, 19 August 2026, 15:34:40"

"* Closing session at Wednesday, 19 August 2026, 15:55:03"

"* Opening session at Wednesday, 19 August 2026, 23:17:31"

"*  Wednesday, 19 August 2026, 23:18:47"
Writing snapshot to A

"*  Wednesday, 19 August 2026, 23:20:54"
Writing snapshot to A

"*  Wednesday, 19 August 2026, 23:22:08"
Writing snapshot to A

"*  Wednesday, 19 August 2026, 23:23:32"
Writing snapshot to A

"*  Wednesday, 19 August 2026, 23:24:15"
Writing snapshot to A

"* Opening session at Wednesday, 19 August 2026, 23:27:38"

"* Opening session at Wednesday, 19 August 2026, 23:29:31"

"*  Wednesday, 19 August 2026, 23:33:28"
Writing snapshot to Snapshot

"*  Wednesday, 19 August 2026, 23:34:24"
Writing snapshot to Snapshot

"*  Wednesday, 19 August 2026, 23:36:12"
Writing snapshot to Snapshot

"*  Wednesday, 19 August 2026, 23:36:43"
Writing snapshot to Snapshot

"*  Wednesday, 19 August 2026, 23:37:02"
Writing snapshot to Snapshot

"*  Wednesday, 19 August 2026, 23:38:28"
Writing snapshot to Snapshot

"*  Wednesday, 19 August 2026, 23:40:24"
Writing snapshot to Snapshot

"*  Wednesday, 19 August 2026, 23:43:38"
Writing snapshot to Snapshot

"*  Wednesday, 19 August 2026, 23:45:50"
Writing snapshot to Snapshot

"* Opening session at Friday, 21 August 2026, 9:42:29"

"*  Friday, 21 August 2026, 9:43:46"
Writing snapshot to Snapshot

"*  Friday, 21 August 2026, 19:01:00"
Writing snapshot to Snapshot

"*  Friday, 21 August 2026, 19:03:59"
Writing snapshot to Snapshot

"*  Friday, 21 August 2026, 19:19:18"
Writing snapshot to Snapshot

"*  Friday, 21 August 2026, 19:25:43"
Writing snapshot to Snapshot

"*  Friday, 21 August 2026, 19:28:54"
Writing snapshot to Snapshot

"*  Friday, 21 August 2026, 19:32:30"
Writing snapshot to Snapshot

"*  Friday, 21 August 2026, 19:32:55"
Writing snapshot to Snapshot

"*  Friday, 21 August 2026, 19:33:55"
Writing snapshot to Snapshot

"*  Friday, 21 August 2026, 19:34:20"
Writing snapshot to Snapshot

"*  Friday, 21 August 2026, 19:35:06"
Writing snapshot to Snapshot

"*  Friday, 21 August 2026, 19:37:27"
Writing snapshot to Snapshot

"*  Friday, 21 August 2026, 19:43:21"
Writing snapshot to Snapshot

"*  Friday, 21 August 2026, 19:44:45"
Writing snapshot to Snapshot

"*  Friday, 21 August 2026, 19:49:31"
Writing snapshot to Snapshot

"*  Friday, 21 August 2026, 19:51:42"
Writing snapshot to Snapshot

"*  Friday, 21 August 2026, 19:55:04"
Writing snapshot to Snapshot

"*  Friday, 21 August 2026, 19:55:47"
Writing snapshot to Snapshot

"*  Friday, 21 August 2026, 19:58:36"
Writing snapshot to Snapshot

"*  Friday, 21 August 2026, 19:59:17"
Writing snapshot to Snapshot

"*  Friday, 21 August 2026, 20:03:17"
Writing snapshot to Snapshot

"*  Friday, 21 August 2026, 20:03:46"
Writing snapshot to Snapshot

"*  Friday, 21 August 2026, 20:05:13"
Writing snapshot to Snapshot

"*  Friday, 21 August 2026, 20:08:38"
Writing snapshot to Snapshot

"* Closing session at Saturday, 22 August 2026, 16:39:15"

"*  Saturday, 22 August 2026, 16:24:44"
Writing snapshot to Snapshot

"*  Saturday, 22 August 2026, 16:25:35"
Writing snapshot to Snapshot

"*  Saturday, 22 August 2026, 16:25:57"
Writing snapshot to Snapshot

"*  Saturday, 22 August 2026, 16:26:40"
Writing snapshot to Snapshot

"* Opening session at Saturday, 22 August 2026, 16:50:53"

"* Opening session at Saturday, 22 August 2026, 16:53:28"

"*  Saturday, 22 August 2026, 16:53:44"
Writing snapshot to Snapshot

"* Opening session at Saturday, 22 August 2026, 17:05:41"

"*  Saturday, 22 August 2026, 17:06:57"
Writing snapshot to Snapshot

"* Opening session at Saturday, 22 August 2026, 17:08:56"

"* Opening session at Saturday, 22 August 2026, 17:11:43"

"* Opening session at Saturday, 22 August 2026, 17:14:03"

"* Opening session at Saturday, 22 August 2026, 17:17:18"

"* Opening session at Saturday, 22 August 2026, 17:36:35"

"* Opening session at Saturday, 22 August 2026, 17:39:57"

"* Opening session at Saturday, 22 August 2026, 17:48:22"

"* Opening session at Saturday, 22 August 2026, 17:52:38"

"* Opening session at Saturday, 22 August 2026, 17:56:40"

"* Opening session at Saturday, 22 August 2026, 18:07:24"

"* Opening session at Saturday, 22 August 2026, 18:22:56"

"* Opening session at Saturday, 22 August 2026, 21:39:05"

"* Opening session at Saturday, 22 August 2026, 21:53:13"

"* Opening session at Saturday, 22 August 2026, 22:03:04"

"* Opening session at Saturday, 22 August 2026, 22:15:15"

"* Opening session at Saturday, 22 August 2026, 22:27:36"

"* Opening session at Sunday, 23 August 2026, 15:32:38"

"* Closing session at Sunday, 23 August 2026, 15:32:43"

"* Opening session at Sunday, 23 August 2026, 15:38:36"

"*  Sunday, 23 August 2026, 15:42:17"
Writing snapshot to Snapshot

"*  Sunday, 23 August 2026, 15:47:33"
Writing snapshot to Snapshot

"*  Sunday, 23 August 2026, 15:47:54"
Writing snapshot to Snapshot

"*  Sunday, 23 August 2026, 15:49:44"
Writing snapshot to Snapshot

"*  Sunday, 23 August 2026, 15:50:57"
Writing snapshot to Snapshot

"*  Sunday, 23 August 2026, 15:58:12"
Writing snapshot to Snapshot

"* Opening session at Sunday, 23 August 2026, 16:05:55"

"*  Sunday, 23 August 2026, 16:08:12"
Writing snapshot to Snapshot

"* Opening session at Sunday, 23 August 2026, 16:11:34"

"*  Sunday, 23 August 2026, 16:12:20"
Writing snapshot to Snapshot

"*  Sunday, 23 August 2026, 16:13:44"
Writing snapshot to Snapshot

"* Opening session at Sunday, 23 August 2026, 16:15:03"

"*  Sunday, 23 August 2026, 16:16:22"
Writing snapshot to Snapshot

"* Opening session at Sunday, 23 August 2026, 16:17:49"

"*  Sunday, 23 August 2026, 16:29:55"
Writing snapshot to Snapshot

"* Opening session at Sunday, 23 August 2026, 20:30:36"

"* Opening session at Sunday, 23 August 2026, 20:37:28"

"* Opening session at Sunday, 23 August 2026, 21:04:49"

"* Opening session at Sunday, 23 August 2026, 21:43:43"

"*  Monday, 24 August 2026, 10:26:46"
Writing snapshot to Snapshot

"* Opening session at Monday, 24 August 2026, 10:30:09"

"*  Monday, 24 August 2026, 10:34:40"
Writing snapshot to Snapshot

"*  Monday, 24 August 2026, 10:57:28"
Writing snapshot to Snapshot

"* Opening session at Monday, 24 August 2026, 11:12:56"

"* Opening session at Monday, 24 August 2026, 11:50:27"

"* Opening session at Wednesday, 26 August 2026, 9:36:33"

"*  Wednesday, 26 August 2026, 9:37:00"
Writing snapshot to Snapshot

"*  Wednesday, 26 August 2026, 9:37:11"
Writing snapshot to Snapshot

"* Opening session at Wednesday, 26 August 2026, 10:45:01"

"* Opening session at Wednesday, 26 August 2026, 10:57:33"

"* Opening session at Wednesday, 26 August 2026, 11:05:13"

"* Opening session at Wednesday, 26 August 2026, 11:13:22"

"* Opening session at Wednesday, 26 August 2026, 11:16:59"

"*  Wednesday, 26 August 2026, 11:24:52"
"Adding slot to a slots object."
a slots object _AddSlots: (|
snort = nil
|)

"*  Wednesday, 26 August 2026, 11:24:52"
"Adding slot to a slots object."
a slots object _AddSlots: (|
snort: = <-
|)

"*  Wednesday, 26 August 2026, 11:25:29"
"Adding slot to a slots object."
a slots object _AddSlots: (|
snort = nil
|)

"*  Wednesday, 26 August 2026, 11:25:29"
"Adding slot to a slots object."
a slots object _AddSlots: (|
snort: = <-
|)

"*  Wednesday, 26 August 2026, 11:41:11"
"Adding slot to a slots object."
a slots object _AddSlots: (|
foo = nil
|)

"*  Wednesday, 26 August 2026, 11:41:11"
"Adding slot to a slots object."
a slots object _AddSlots: (|
foo: = <-
|)

"* Closing session at Wednesday, 26 August 2026, 12:02:54"

"* Opening session at Wednesday, 26 August 2026, 12:12:02"

"* Closing session at Wednesday, 26 August 2026, 12:15:36"

"* Opening session at Wednesday, 26 August 2026, 12:16:06"

"* Closing session at Wednesday, 26 August 2026, 12:16:14"

"* Opening session at Wednesday, 26 August 2026, 12:21:51"

"* Opening session at Wednesday, 26 August 2026, 12:22:18"

"* Opening session at Wednesday, 26 August 2026, 12:29:47"

"* Opening session at Wednesday, 26 August 2026, 15:38:26"

"* Opening session at Wednesday, 26 August 2026, 16:14:18"

"*  Wednesday, 26 August 2026, 16:17:26"
"Adding slot to a slots object."
a slots object _AddSlots: (|
snort = 5
|)

"* Opening session at Wednesday, 26 August 2026, 16:28:01"

"* Opening session at Wednesday, 26 August 2026, 16:37:40"

"*  Wednesday, 26 August 2026, 16:41:21"
"Removing slot in a slots object."
a slots object _RemoveSlot: 'b'
"Old contents: b = nil"

"* Closing session at Wednesday, 26 August 2026, 16:43:52"

"* Opening session at Wednesday, 26 August 2026, 16:44:05"

"* Closing session at Wednesday, 26 August 2026, 16:45:00"

"* Opening session at Wednesday, 26 August 2026, 16:45:16"

"* Opening session at Wednesday, 26 August 2026, 16:51:18"

"* Opening session at Wednesday, 26 August 2026, 16:55:45"

"* Closing session at Wednesday, 26 August 2026, 16:58:35"

"* Opening session at Wednesday, 26 August 2026, 16:59:25"

"* Opening session at Wednesday, 26 August 2026, 17:38:11"

"* Opening session at Wednesday, 26 August 2026, 17:54:32"

"* Opening session at Wednesday, 26 August 2026, 18:02:46"

"* Opening session at Wednesday, 26 August 2026, 18:10:18"

"* Opening session at Wednesday, 26 August 2026, 18:13:22"

"* Closing session at Wednesday, 26 August 2026, 18:19:22"

"* Opening session at Wednesday, 26 August 2026, 18:19:32"

"* Opening session at Wednesday, 26 August 2026, 18:32:28"

"* Closing session at Wednesday, 26 August 2026, 18:48:12"

"* Opening session at Wednesday, 26 August 2026, 18:48:53"

"* Opening session at Wednesday, 26 August 2026, 18:55:13"

"* Closing session at Wednesday, 26 August 2026, 18:55:49"

"* Opening session at Wednesday, 26 August 2026, 18:55:56"

"* Opening session at Thursday, 27 August 2026, 20:02:58"

"*  Thursday, 27 August 2026, 20:26:26"
Writing snapshot to Snapshot

"*  Thursday, 27 August 2026, 20:27:12"
Writing snapshot to Snapshot

"*  Thursday, 27 August 2026, 20:27:45"
Writing snapshot to Snapshot

"*  Thursday, 27 August 2026, 20:29:07"
Writing snapshot to Snapshot

"* Opening session at Saturday, 29 August 2026, 22:05:14"

